Archive member included to satisfy reference by file (symbol)

d:/iee_24_em/7.0/toolchain/avr8/avr8-gnu-toolchain/bin/../lib/gcc/avr/5.4.0/avr5\libgcc.a(_exit.o)
                              D:/IEE_24_EM/7.0/Packs/atmel/ATmega_DFP/1.7.374/gcc/dev/atmega16/avr5/crtatmega16.o (exit)
d:/iee_24_em/7.0/toolchain/avr8/avr8-gnu-toolchain/bin/../lib/gcc/avr/5.4.0/avr5\libgcc.a(_copy_data.o)
                              APP/main.o (__do_copy_data)

Discarded input sections

 .data          0x00000000        0x0 D:/IEE_24_EM/7.0/Packs/atmel/ATmega_DFP/1.7.374/gcc/dev/atmega16/avr5/crtatmega16.o
 .bss           0x00000000        0x0 D:/IEE_24_EM/7.0/Packs/atmel/ATmega_DFP/1.7.374/gcc/dev/atmega16/avr5/crtatmega16.o
 .text          0x00000000        0x0 APP/main.o
 .data          0x00000000        0x0 APP/main.o
 .bss           0x00000000        0x0 APP/main.o
 .text          0x00000000        0x0 HAL/buzzer/BUZZER_PROGRAM.o
 .data          0x00000000        0x0 HAL/buzzer/BUZZER_PROGRAM.o
 .bss           0x00000000        0x0 HAL/buzzer/BUZZER_PROGRAM.o
 .text          0x00000000        0x0 HAL/keypad/KEYPAD_PROGRAM.o
 .data          0x00000000        0x0 HAL/keypad/KEYPAD_PROGRAM.o
 .bss           0x00000000        0x0 HAL/keypad/KEYPAD_PROGRAM.o
 .text          0x00000000        0x0 HAL/lcd/LCD_PROGRAM.o
 .data          0x00000000        0x0 HAL/lcd/LCD_PROGRAM.o
 .bss           0x00000000        0x0 HAL/lcd/LCD_PROGRAM.o
 .text.LCD_SendInt
                0x00000000        0x8 HAL/lcd/LCD_PROGRAM.o
 .text          0x00000000        0x0 HAL/led/LED_PROGRAM.o
 .data          0x00000000        0x0 HAL/led/LED_PROGRAM.o
 .bss           0x00000000        0x0 HAL/led/LED_PROGRAM.o
 .text          0x00000000        0x0 HAL/SEV_SEG/SEV_SEG_PROGRAM.o
 .data          0x00000000        0x0 HAL/SEV_SEG/SEV_SEG_PROGRAM.o
 .bss           0x00000000        0x0 HAL/SEV_SEG/SEV_SEG_PROGRAM.o
 .text          0x00000000        0x0 MCAL/ADC/ADC_PROGRAM.o
 .data          0x00000000        0x0 MCAL/ADC/ADC_PROGRAM.o
 .bss           0x00000000        0x0 MCAL/ADC/ADC_PROGRAM.o
 .text.MADC_voidinit
                0x00000000        0x2 MCAL/ADC/ADC_PROGRAM.o
 .debug_info    0x00000000       0x86 MCAL/ADC/ADC_PROGRAM.o
 .debug_abbrev  0x00000000       0x44 MCAL/ADC/ADC_PROGRAM.o
 .debug_aranges
                0x00000000       0x20 MCAL/ADC/ADC_PROGRAM.o
 .debug_ranges  0x00000000       0x10 MCAL/ADC/ADC_PROGRAM.o
 .debug_line    0x00000000       0x47 MCAL/ADC/ADC_PROGRAM.o
 .debug_str     0x00000000      0x188 MCAL/ADC/ADC_PROGRAM.o
 .comment       0x00000000       0x31 MCAL/ADC/ADC_PROGRAM.o
 .debug_frame   0x00000000       0x24 MCAL/ADC/ADC_PROGRAM.o
 .text          0x00000000        0x0 MCAL/DIO/DIO_PROGRAM.o
 .data          0x00000000        0x0 MCAL/DIO/DIO_PROGRAM.o
 .bss           0x00000000        0x0 MCAL/DIO/DIO_PROGRAM.o
 .text          0x00000000        0x0 d:/iee_24_em/7.0/toolchain/avr8/avr8-gnu-toolchain/bin/../lib/gcc/avr/5.4.0/avr5\libgcc.a(_exit.o)
 .data          0x00000000        0x0 d:/iee_24_em/7.0/toolchain/avr8/avr8-gnu-toolchain/bin/../lib/gcc/avr/5.4.0/avr5\libgcc.a(_exit.o)
 .bss           0x00000000        0x0 d:/iee_24_em/7.0/toolchain/avr8/avr8-gnu-toolchain/bin/../lib/gcc/avr/5.4.0/avr5\libgcc.a(_exit.o)
 .text.libgcc.mul
                0x00000000        0x0 d:/iee_24_em/7.0/toolchain/avr8/avr8-gnu-toolchain/bin/../lib/gcc/avr/5.4.0/avr5\libgcc.a(_exit.o)
 .text.libgcc.div
                0x00000000        0x0 d:/iee_24_em/7.0/toolchain/avr8/avr8-gnu-toolchain/bin/../lib/gcc/avr/5.4.0/avr5\libgcc.a(_exit.o)
 .text.libgcc   0x00000000        0x0 d:/iee_24_em/7.0/toolchain/avr8/avr8-gnu-toolchain/bin/../lib/gcc/avr/5.4.0/avr5\libgcc.a(_exit.o)
 .text.libgcc.prologue
                0x00000000        0x0 d:/iee_24_em/7.0/toolchain/avr8/avr8-gnu-toolchain/bin/../lib/gcc/avr/5.4.0/avr5\libgcc.a(_exit.o)
 .text.libgcc.builtins
                0x00000000        0x0 d:/iee_24_em/7.0/toolchain/avr8/avr8-gnu-toolchain/bin/../lib/gcc/avr/5.4.0/avr5\libgcc.a(_exit.o)
 .text.libgcc.fmul
                0x00000000        0x0 d:/iee_24_em/7.0/toolchain/avr8/avr8-gnu-toolchain/bin/../lib/gcc/avr/5.4.0/avr5\libgcc.a(_exit.o)
 .text.libgcc.fixed
                0x00000000        0x0 d:/iee_24_em/7.0/toolchain/avr8/avr8-gnu-toolchain/bin/../lib/gcc/avr/5.4.0/avr5\libgcc.a(_exit.o)
 .text          0x00000000        0x0 d:/iee_24_em/7.0/toolchain/avr8/avr8-gnu-toolchain/bin/../lib/gcc/avr/5.4.0/avr5\libgcc.a(_copy_data.o)
 .data          0x00000000        0x0 d:/iee_24_em/7.0/toolchain/avr8/avr8-gnu-toolchain/bin/../lib/gcc/avr/5.4.0/avr5\libgcc.a(_copy_data.o)
 .bss           0x00000000        0x0 d:/iee_24_em/7.0/toolchain/avr8/avr8-gnu-toolchain/bin/../lib/gcc/avr/5.4.0/avr5\libgcc.a(_copy_data.o)
 .text.libgcc.mul
                0x00000000        0x0 d:/iee_24_em/7.0/toolchain/avr8/avr8-gnu-toolchain/bin/../lib/gcc/avr/5.4.0/avr5\libgcc.a(_copy_data.o)
 .text.libgcc.div
                0x00000000        0x0 d:/iee_24_em/7.0/toolchain/avr8/avr8-gnu-toolchain/bin/../lib/gcc/avr/5.4.0/avr5\libgcc.a(_copy_data.o)
 .text.libgcc   0x00000000        0x0 d:/iee_24_em/7.0/toolchain/avr8/avr8-gnu-toolchain/bin/../lib/gcc/avr/5.4.0/avr5\libgcc.a(_copy_data.o)
 .text.libgcc.prologue
                0x00000000        0x0 d:/iee_24_em/7.0/toolchain/avr8/avr8-gnu-toolchain/bin/../lib/gcc/avr/5.4.0/avr5\libgcc.a(_copy_data.o)
 .text.libgcc.builtins
                0x00000000        0x0 d:/iee_24_em/7.0/toolchain/avr8/avr8-gnu-toolchain/bin/../lib/gcc/avr/5.4.0/avr5\libgcc.a(_copy_data.o)
 .text.libgcc.fmul
                0x00000000        0x0 d:/iee_24_em/7.0/toolchain/avr8/avr8-gnu-toolchain/bin/../lib/gcc/avr/5.4.0/avr5\libgcc.a(_copy_data.o)
 .text.libgcc.fixed
                0x00000000        0x0 d:/iee_24_em/7.0/toolchain/avr8/avr8-gnu-toolchain/bin/../lib/gcc/avr/5.4.0/avr5\libgcc.a(_copy_data.o)

Memory Configuration

Name             Origin             Length             Attributes
text             0x00000000         0x00004000         xr
data             0x00800060         0x00000400         rw !x
eeprom           0x00810000         0x00000200         rw !x
fuse             0x00820000         0x00000002         rw !x
lock             0x00830000         0x00000400         rw !x
signature        0x00840000         0x00000400         rw !x
user_signatures  0x00850000         0x00000400         rw !x
*default*        0x00000000         0xffffffff

Linker script and memory map

LOAD D:/IEE_24_EM/7.0/Packs/atmel/ATmega_DFP/1.7.374/gcc/dev/atmega16/avr5/crtatmega16.o
LOAD APP/main.o
LOAD HAL/buzzer/BUZZER_PROGRAM.o
LOAD HAL/keypad/KEYPAD_PROGRAM.o
LOAD HAL/lcd/LCD_PROGRAM.o
LOAD HAL/led/LED_PROGRAM.o
LOAD HAL/SEV_SEG/SEV_SEG_PROGRAM.o
LOAD MCAL/ADC/ADC_PROGRAM.o
LOAD MCAL/DIO/DIO_PROGRAM.o
START GROUP
LOAD d:/iee_24_em/7.0/toolchain/avr8/avr8-gnu-toolchain/bin/../lib/gcc/avr/5.4.0/../../../../avr/lib/avr5\libm.a
END GROUP
START GROUP
LOAD d:/iee_24_em/7.0/toolchain/avr8/avr8-gnu-toolchain/bin/../lib/gcc/avr/5.4.0/avr5\libgcc.a
LOAD d:/iee_24_em/7.0/toolchain/avr8/avr8-gnu-toolchain/bin/../lib/gcc/avr/5.4.0/../../../../avr/lib/avr5\libm.a
LOAD d:/iee_24_em/7.0/toolchain/avr8/avr8-gnu-toolchain/bin/../lib/gcc/avr/5.4.0/../../../../avr/lib/avr5\libc.a
LOAD D:/IEE_24_EM/7.0/Packs/atmel/ATmega_DFP/1.7.374/gcc/dev/atmega16/avr5\libatmega16.a
END GROUP
                0x00000000                __TEXT_REGION_ORIGIN__ = DEFINED (__TEXT_REGION_ORIGIN__)?__TEXT_REGION_ORIGIN__:0x0
                [0x00800060]                __DATA_REGION_ORIGIN__ = DEFINED (__DATA_REGION_ORIGIN__)?__DATA_REGION_ORIGIN__:0x800060
                [0x00004000]                __TEXT_REGION_LENGTH__ = DEFINED (__TEXT_REGION_LENGTH__)?__TEXT_REGION_LENGTH__:0x20000
                [0x00000400]                __DATA_REGION_LENGTH__ = DEFINED (__DATA_REGION_LENGTH__)?__DATA_REGION_LENGTH__:0xffa0
                [0x00000200]                __EEPROM_REGION_LENGTH__ = DEFINED (__EEPROM_REGION_LENGTH__)?__EEPROM_REGION_LENGTH__:0x10000
                [0x00000002]                __FUSE_REGION_LENGTH__ = DEFINED (__FUSE_REGION_LENGTH__)?__FUSE_REGION_LENGTH__:0x400
                0x00000400                __LOCK_REGION_LENGTH__ = DEFINED (__LOCK_REGION_LENGTH__)?__LOCK_REGION_LENGTH__:0x400
                0x00000400                __SIGNATURE_REGION_LENGTH__ = DEFINED (__SIGNATURE_REGION_LENGTH__)?__SIGNATURE_REGION_LENGTH__:0x400
                0x00000400                __USER_SIGNATURE_REGION_LENGTH__ = DEFINED (__USER_SIGNATURE_REGION_LENGTH__)?__USER_SIGNATURE_REGION_LENGTH__:0x400

.hash
 *(.hash)

.dynsym
 *(.dynsym)

.dynstr
 *(.dynstr)

.gnu.version
 *(.gnu.version)

.gnu.version_d
 *(.gnu.version_d)

.gnu.version_r
 *(.gnu.version_r)

.rel.init
 *(.rel.init)

.rela.init
 *(.rela.init)

.rel.text
 *(.rel.text)
 *(.rel.text.*)
 *(.rel.gnu.linkonce.t*)

.rela.text
 *(.rela.text)
 *(.rela.text.*)
 *(.rela.gnu.linkonce.t*)

.rel.fini
 *(.rel.fini)

.rela.fini
 *(.rela.fini)

.rel.rodata
 *(.rel.rodata)
 *(.rel.rodata.*)
 *(.rel.gnu.linkonce.r*)

.rela.rodata
 *(.rela.rodata)
 *(.rela.rodata.*)
 *(.rela.gnu.linkonce.r*)

.rel.data
 *(.rel.data)
 *(.rel.data.*)
 *(.rel.gnu.linkonce.d*)

.rela.data
 *(.rela.data)
 *(.rela.data.*)
 *(.rela.gnu.linkonce.d*)

.rel.ctors
 *(.rel.ctors)

.rela.ctors
 *(.rela.ctors)

.rel.dtors
 *(.rel.dtors)

.rela.dtors
 *(.rela.dtors)

.rel.got
 *(.rel.got)

.rela.got
 *(.rela.got)

.rel.bss
 *(.rel.bss)

.rela.bss
 *(.rela.bss)

.rel.plt
 *(.rel.plt)

.rela.plt
 *(.rela.plt)

.text           0x00000000      0x932
 *(.vectors)
 .vectors       0x00000000       0x54 D:/IEE_24_EM/7.0/Packs/atmel/ATmega_DFP/1.7.374/gcc/dev/atmega16/avr5/crtatmega16.o
                0x00000000                __vector_default
                0x00000000                __vectors
 *(.vectors)
 *(.progmem.gcc*)
                0x00000054                . = ALIGN (0x2)
                0x00000054                __trampolines_start = .
 *(.trampolines)
 .trampolines   0x00000054        0x0 linker stubs
 *(.trampolines*)
                0x00000054                __trampolines_end = .
 *libprintf_flt.a:*(.progmem.data)
 *libc.a:*(.progmem.data)
 *(.progmem*)
                0x00000054                . = ALIGN (0x2)
 *(.jumptables)
 *(.jumptables*)
 *(.lowtext)
 *(.lowtext*)
                0x00000054                __ctors_start = .
 *(.ctors)
                0x00000054                __ctors_end = .
                0x00000054                __dtors_start = .
 *(.dtors)
                0x00000054                __dtors_end = .
 SORT(*)(.ctors)
 SORT(*)(.dtors)
 *(.init0)
 .init0         0x00000054        0x0 D:/IEE_24_EM/7.0/Packs/atmel/ATmega_DFP/1.7.374/gcc/dev/atmega16/avr5/crtatmega16.o
                0x00000054                __init
 *(.init0)
 *(.init1)
 *(.init1)
 *(.init2)
 .init2         0x00000054        0xc D:/IEE_24_EM/7.0/Packs/atmel/ATmega_DFP/1.7.374/gcc/dev/atmega16/avr5/crtatmega16.o
 *(.init2)
 *(.init3)
 *(.init3)
 *(.init4)
 .init4         0x00000060       0x16 d:/iee_24_em/7.0/toolchain/avr8/avr8-gnu-toolchain/bin/../lib/gcc/avr/5.4.0/avr5\libgcc.a(_copy_data.o)
                0x00000060                __do_copy_data
 *(.init4)
 *(.init5)
 *(.init5)
 *(.init6)
 *(.init6)
 *(.init7)
 *(.init7)
 *(.init8)
 *(.init8)
 *(.init9)
 .init9         0x00000076        0x8 D:/IEE_24_EM/7.0/Packs/atmel/ATmega_DFP/1.7.374/gcc/dev/atmega16/avr5/crtatmega16.o
 *(.init9)
 *(.text)
 .text          0x0000007e        0x4 D:/IEE_24_EM/7.0/Packs/atmel/ATmega_DFP/1.7.374/gcc/dev/atmega16/avr5/crtatmega16.o
                0x0000007e                __vector_1
                0x0000007e                __vector_12
                0x0000007e                __bad_interrupt
                0x0000007e                __vector_6
                0x0000007e                __vector_3
                0x0000007e                __vector_11
                0x0000007e                __vector_13
                0x0000007e                __vector_17
                0x0000007e                __vector_19
                0x0000007e                __vector_7
                0x0000007e                __vector_5
                0x0000007e                __vector_4
                0x0000007e                __vector_9
                0x0000007e                __vector_2
                0x0000007e                __vector_15
                0x0000007e                __vector_8
                0x0000007e                __vector_14
                0x0000007e                __vector_10
                0x0000007e                __vector_16
                0x0000007e                __vector_18
                0x0000007e                __vector_20
                0x00000082                . = ALIGN (0x2)
 *(.text.*)
 .text.compare  0x00000082       0x2c APP/main.o
                0x00000082                compare
 .text.Clear_Display_screen
                0x000000ae        0x8 APP/main.o
                0x000000ae                Clear_Display_screen
 .text.main     0x000000b6      0x198 APP/main.o
                0x000000b6                main
 .text.Buzzer_Init
                0x0000024e        0xa HAL/buzzer/BUZZER_PROGRAM.o
                0x0000024e                Buzzer_Init
 .text.Buzzer_tone
                0x00000258        0xa HAL/buzzer/BUZZER_PROGRAM.o
                0x00000258                Buzzer_tone
 .text.Buzzer_notone
                0x00000262        0xa HAL/buzzer/BUZZER_PROGRAM.o
                0x00000262                Buzzer_notone
 .text.Keypad_Init
                0x0000026c       0x82 HAL/keypad/KEYPAD_PROGRAM.o
                0x0000026c                Keypad_Init
 .text.Keypad_uint8GetPressed
                0x000002ee       0x92 HAL/keypad/KEYPAD_PROGRAM.o
                0x000002ee                Keypad_uint8GetPressed
 .text.LCD_SendCommand
                0x00000380       0x98 HAL/lcd/LCD_PROGRAM.o
                0x00000380                LCD_SendCommand
 .text.LCD_Int  0x00000418       0x62 HAL/lcd/LCD_PROGRAM.o
                0x00000418                LCD_Int
 .text.LCD_SendData
                0x0000047a       0x98 HAL/lcd/LCD_PROGRAM.o
                0x0000047a                LCD_SendData
 .text.LCD_SendString
                0x00000512       0x1a HAL/lcd/LCD_PROGRAM.o
                0x00000512                LCD_SendString
 .text.LED_INTIAL
                0x0000052c       0x1e HAL/led/LED_PROGRAM.o
                0x0000052c                LED_INTIAL
 .text.LED_ON   0x0000054a       0x1e HAL/led/LED_PROGRAM.o
                0x0000054a                LED_ON
 .text.LED_OF   0x00000568       0x1e HAL/led/LED_PROGRAM.o
                0x00000568                LED_OF
 .text.LED_TOGEL
                0x00000586       0x1a HAL/led/LED_PROGRAM.o
                0x00000586                LED_TOGEL
 .text.SEV_SEG_init
                0x000005a0       0x2a HAL/SEV_SEG/SEV_SEG_PROGRAM.o
                0x000005a0                SEV_SEG_init
 .text.SEV_SEG_on
                0x000005ca        0xa HAL/SEV_SEG/SEV_SEG_PROGRAM.o
                0x000005ca                SEV_SEG_on
 .text.SEV_SEG_off
                0x000005d4        0xa HAL/SEV_SEG/SEV_SEG_PROGRAM.o
                0x000005d4                SEV_SEG_off
 .text.SEV_SEG_display
                0x000005de       0x36 HAL/SEV_SEG/SEV_SEG_PROGRAM.o
                0x000005de                SEV_SEG_display
 .text.PinMode  0x00000614      0x106 MCAL/DIO/DIO_PROGRAM.o
                0x00000614                PinMode
 .text.digitalWrite
                0x0000071a      0x106 MCAL/DIO/DIO_PROGRAM.o
                0x0000071a                digitalWrite
 .text.digitalRead
                0x00000820       0x80 MCAL/DIO/DIO_PROGRAM.o
                0x00000820                digitalRead
 .text.togelpin
                0x000008a0       0x8e MCAL/DIO/DIO_PROGRAM.o
                0x000008a0                togelpin
                0x0000092e                . = ALIGN (0x2)
 *(.fini9)
 .fini9         0x0000092e        0x0 d:/iee_24_em/7.0/toolchain/avr8/avr8-gnu-toolchain/bin/../lib/gcc/avr/5.4.0/avr5\libgcc.a(_exit.o)
                0x0000092e                _exit
                0x0000092e                exit
 *(.fini9)
 *(.fini8)
 *(.fini8)
 *(.fini7)
 *(.fini7)
 *(.fini6)
 *(.fini6)
 *(.fini5)
 *(.fini5)
 *(.fini4)
 *(.fini4)
 *(.fini3)
 *(.fini3)
 *(.fini2)
 *(.fini2)
 *(.fini1)
 *(.fini1)
 *(.fini0)
 .fini0         0x0000092e        0x4 d:/iee_24_em/7.0/toolchain/avr8/avr8-gnu-toolchain/bin/../lib/gcc/avr/5.4.0/avr5\libgcc.a(_exit.o)
 *(.fini0)
                0x00000932                _etext = .

.data           0x00800060       0x48 load address 0x00000932
                0x00800060                PROVIDE (__data_start, .)
 *(.data)
 *(.data*)
 .data.Keypad_Uint8Buttons
                0x00800060       0x10 HAL/keypad/KEYPAD_PROGRAM.o
                0x00800060                Keypad_Uint8Buttons
 *(.gnu.linkonce.d*)
 *(.rodata)
 *(.rodata*)
 .rodata.str1.1
                0x00800070       0x37 APP/main.o
 *(.gnu.linkonce.r*)
                0x008000a8                . = ALIGN (0x2)
 *fill*         0x008000a7        0x1 
                0x008000a8                _edata = .
                0x008000a8                PROVIDE (__data_end, .)

.bss            0x008000a8        0x0
                [!provide]                PROVIDE (__bss_start, .)
 *(.bss)
 *(.bss*)
 *(COMMON)
                [!provide]                PROVIDE (__bss_end, .)
                0x00000932                __data_load_start = LOADADDR (.data)
                0x0000097a                __data_load_end = (__data_load_start + SIZEOF (.data))

.noinit         0x008000a8        0x0
                [!provide]                PROVIDE (__noinit_start, .)
 *(.noinit*)
                [!provide]                PROVIDE (__noinit_end, .)
                0x008000a8                _end = .
                [!provide]                PROVIDE (__heap_start, .)

.eeprom         0x00810000        0x0
 *(.eeprom*)
                0x00810000                __eeprom_end = .

.fuse
 *(.fuse)
 *(.lfuse)
 *(.hfuse)
 *(.efuse)

.lock
 *(.lock*)

.signature
 *(.signature*)

.user_signatures
 *(.user_signatures*)

.stab
 *(.stab)

.stabstr
 *(.stabstr)

.stab.excl
 *(.stab.excl)

.stab.exclstr
 *(.stab.exclstr)

.stab.index
 *(.stab.index)

.stab.indexstr
 *(.stab.indexstr)

.comment        0x00000000       0x30
 *(.comment)
 .comment       0x00000000       0x30 APP/main.o
                                 0x31 (size before relaxing)
 .comment       0x00000030       0x31 HAL/buzzer/BUZZER_PROGRAM.o
 .comment       0x00000030       0x31 HAL/keypad/KEYPAD_PROGRAM.o
 .comment       0x00000030       0x31 HAL/lcd/LCD_PROGRAM.o
 .comment       0x00000030       0x31 HAL/led/LED_PROGRAM.o
 .comment       0x00000030       0x31 HAL/SEV_SEG/SEV_SEG_PROGRAM.o
 .comment       0x00000030       0x31 MCAL/DIO/DIO_PROGRAM.o

.note.gnu.avr.deviceinfo
                0x00000000       0x3c
 .note.gnu.avr.deviceinfo
                0x00000000       0x3c D:/IEE_24_EM/7.0/Packs/atmel/ATmega_DFP/1.7.374/gcc/dev/atmega16/avr5/crtatmega16.o

.note.gnu.build-id
 *(.note.gnu.build-id)

.debug
 *(.debug)

.line
 *(.line)

.debug_srcinfo
 *(.debug_srcinfo)

.debug_sfnames
 *(.debug_sfnames)

.debug_aranges  0x00000000      0x170
 *(.debug_aranges)
 .debug_aranges
                0x00000000       0x30 APP/main.o
 .debug_aranges
                0x00000030       0x30 HAL/buzzer/BUZZER_PROGRAM.o
 .debug_aranges
                0x00000060       0x28 HAL/keypad/KEYPAD_PROGRAM.o
 .debug_aranges
                0x00000088       0x40 HAL/lcd/LCD_PROGRAM.o
 .debug_aranges
                0x000000c8       0x38 HAL/led/LED_PROGRAM.o
 .debug_aranges
                0x00000100       0x38 HAL/SEV_SEG/SEV_SEG_PROGRAM.o
 .debug_aranges
                0x00000138       0x38 MCAL/DIO/DIO_PROGRAM.o

.debug_pubnames
 *(.debug_pubnames)

.debug_info     0x00000000     0x1c23
 *(.debug_info .gnu.linkonce.wi.*)
 .debug_info    0x00000000      0x52e D:/IEE_24_EM/7.0/Packs/atmel/ATmega_DFP/1.7.374/gcc/dev/atmega16/avr5/crtatmega16.o
 .debug_info    0x0000052e      0x621 APP/main.o
 .debug_info    0x00000b4f      0x117 HAL/buzzer/BUZZER_PROGRAM.o
 .debug_info    0x00000c66      0x3d8 HAL/keypad/KEYPAD_PROGRAM.o
 .debug_info    0x0000103e      0x634 HAL/lcd/LCD_PROGRAM.o
 .debug_info    0x00001672      0x1f0 HAL/led/LED_PROGRAM.o
 .debug_info    0x00001862      0x218 HAL/SEV_SEG/SEV_SEG_PROGRAM.o
 .debug_info    0x00001a7a      0x1a9 MCAL/DIO/DIO_PROGRAM.o

.debug_abbrev   0x00000000      0xbdf
 *(.debug_abbrev)
 .debug_abbrev  0x00000000      0x4e7 D:/IEE_24_EM/7.0/Packs/atmel/ATmega_DFP/1.7.374/gcc/dev/atmega16/avr5/crtatmega16.o
 .debug_abbrev  0x000004e7      0x1e2 APP/main.o
 .debug_abbrev  0x000006c9       0x6f HAL/buzzer/BUZZER_PROGRAM.o
 .debug_abbrev  0x00000738      0x13f HAL/keypad/KEYPAD_PROGRAM.o
 .debug_abbrev  0x00000877      0x13d HAL/lcd/LCD_PROGRAM.o
 .debug_abbrev  0x000009b4       0x98 HAL/led/LED_PROGRAM.o
 .debug_abbrev  0x00000a4c       0xb2 HAL/SEV_SEG/SEV_SEG_PROGRAM.o
 .debug_abbrev  0x00000afe       0xe1 MCAL/DIO/DIO_PROGRAM.o

.debug_line     0x00000000      0xe31
 *(.debug_line .debug_line.* .debug_line_end)
 .debug_line    0x00000000      0x116 D:/IEE_24_EM/7.0/Packs/atmel/ATmega_DFP/1.7.374/gcc/dev/atmega16/avr5/crtatmega16.o
 .debug_line    0x00000116      0x37c APP/main.o
 .debug_line    0x00000492       0x9d HAL/buzzer/BUZZER_PROGRAM.o
 .debug_line    0x0000052f      0x243 HAL/keypad/KEYPAD_PROGRAM.o
 .debug_line    0x00000772      0x2b3 HAL/lcd/LCD_PROGRAM.o
 .debug_line    0x00000a25      0x114 HAL/led/LED_PROGRAM.o
 .debug_line    0x00000b39      0x104 HAL/SEV_SEG/SEV_SEG_PROGRAM.o
 .debug_line    0x00000c3d      0x1f4 MCAL/DIO/DIO_PROGRAM.o

.debug_frame    0x00000000      0x260
 *(.debug_frame)
 .debug_frame   0x00000000       0x54 APP/main.o
 .debug_frame   0x00000054       0x44 HAL/buzzer/BUZZER_PROGRAM.o
 .debug_frame   0x00000098       0x44 HAL/keypad/KEYPAD_PROGRAM.o
 .debug_frame   0x000000dc       0x80 HAL/lcd/LCD_PROGRAM.o
 .debug_frame   0x0000015c       0x54 HAL/led/LED_PROGRAM.o
 .debug_frame   0x000001b0       0x5c HAL/SEV_SEG/SEV_SEG_PROGRAM.o
 .debug_frame   0x0000020c       0x54 MCAL/DIO/DIO_PROGRAM.o

.debug_str      0x00000000      0x5c4
 *(.debug_str)
 .debug_str     0x00000000      0x1af D:/IEE_24_EM/7.0/Packs/atmel/ATmega_DFP/1.7.374/gcc/dev/atmega16/avr5/crtatmega16.o
 .debug_str     0x000001af      0x2c4 APP/main.o
                                0x2f8 (size before relaxing)
 .debug_str     0x00000473       0x34 HAL/buzzer/BUZZER_PROGRAM.o
                                0x1ba (size before relaxing)
 .debug_str     0x000004a7       0x71 HAL/keypad/KEYPAD_PROGRAM.o
                                0x277 (size before relaxing)
 .debug_str     0x00000518       0x2a HAL/lcd/LCD_PROGRAM.o
                                0x238 (size before relaxing)
 .debug_str     0x00000542       0x2f HAL/led/LED_PROGRAM.o
                                0x1cd (size before relaxing)
 .debug_str     0x00000571       0x27 HAL/SEV_SEG/SEV_SEG_PROGRAM.o
                                0x1d6 (size before relaxing)
 .debug_str     0x00000598       0x2c MCAL/DIO/DIO_PROGRAM.o
                                0x1bc (size before relaxing)

.debug_loc      0x00000000      0xb80
 *(.debug_loc)
 .debug_loc     0x00000000      0x2cc APP/main.o
 .debug_loc     0x000002cc      0x122 HAL/keypad/KEYPAD_PROGRAM.o
 .debug_loc     0x000003ee      0x47e HAL/lcd/LCD_PROGRAM.o
 .debug_loc     0x0000086c       0xe8 HAL/led/LED_PROGRAM.o
 .debug_loc     0x00000954       0x4e HAL/SEV_SEG/SEV_SEG_PROGRAM.o
 .debug_loc     0x000009a2      0x1de MCAL/DIO/DIO_PROGRAM.o

.debug_macinfo
 *(.debug_macinfo)

.debug_weaknames
 *(.debug_weaknames)

.debug_funcnames
 *(.debug_funcnames)

.debug_typenames
 *(.debug_typenames)

.debug_varnames
 *(.debug_varnames)

.debug_pubtypes
 *(.debug_pubtypes)

.debug_ranges   0x00000000      0x118
 *(.debug_ranges)
 .debug_ranges  0x00000000       0x38 APP/main.o
 .debug_ranges  0x00000038       0x20 HAL/buzzer/BUZZER_PROGRAM.o
 .debug_ranges  0x00000058       0x18 HAL/keypad/KEYPAD_PROGRAM.o
 .debug_ranges  0x00000070       0x30 HAL/lcd/LCD_PROGRAM.o
 .debug_ranges  0x000000a0       0x28 HAL/led/LED_PROGRAM.o
 .debug_ranges  0x000000c8       0x28 HAL/SEV_SEG/SEV_SEG_PROGRAM.o
 .debug_ranges  0x000000f0       0x28 MCAL/DIO/DIO_PROGRAM.o

.debug_macro
 *(.debug_macro)
OUTPUT(GccApplication1.elf elf32-avr)
LOAD linker stubs
